// Vitest Snapshot v1, https://vitest.dev/guide/snapshot.html

exports[`with url  1`] = `"<div id=\\"notification-viewer\\" data-base-url=\\"/api\\" data-v-app=\\"\\"><li id=\\"notification-viewer\\" class=\\"dropdown\\"><a class=\\"dropdown-toggle\\" data-toggle=\\"dropdown\\" role=\\"button\\" aria-haspopup=\\"true\\" aria-expanded=\\"false\\"><div class=\\"bell\\" data-count=\\"0\\"><span class=\\"fas fa-bell\\"></span></div></a><ul class=\\"dropdown-menu notification-dropdown\\"><!--v-if--><li>No notifications.</li></ul></li></div>"`;
